node.exe : CommandError: No Android connected device found, and no emulators could be started automatically.
En línea: 1 Carácter: 1
+ & "C:\Program Files\nodejs/node.exe" "C:\Program Files\nodejs/node_mo ...
+ ~~~~~~~~~~~~~~~~~~~~~~~~~~~~~~~~~~~~~~~~~~~~~~~~~~~~~~~~~~~~~~~~~~~~~
    + CategoryInfo          : NotSpecified: (CommandError: N... automatically.:String) [], RemoteException
    + FullyQualifiedErrorId : NativeCommandError
 
Connect a device or create an emulator (https://docs.expo.dev/workflow/android-studio-emulator).
Then follow the instructions here to enable USB debugging:
https://developer.android.com/studio/run/device.html#developer-device-options. If you are using Genymotion go to 
Settings -> ADB, select "Use custom Android SDK tools", and point it at your Android SDK directory.
